// Jest Snapshot v1, https://goo.gl/fbAQLP

exports[`Pruebas en <GifGrid /> debe de hacer match con el snapchot 1`] = `
<div>
  <h3>
    zombie
  </h3>
  <span>
    ...loading
  </span>
  <div
    class="card-grid"
  />
</div>
`;
